HashMap{
	"tako": "octopus"
	"Math.PI": 3.141592653589793
	"2011": 2011
	"ika": "squid"
	"namako": "sea cucumber"
}